// Jest Snapshot v1, https://goo.gl/fbAQLP

exports[`Content renders correctly 1`] = `
<div
  className="sc-AxjAm fHGxrB"
>
  <h1
    className="sc-AxirZ gbFByu"
  >
    test
  </h1>
  <div
    className="sc-AxiKw fZfbcy"
    dangerouslySetInnerHTML={
      Object {
        "__html": "<p>test</p>",
      }
    }
  />
</div>
`;
