// Jest Snapshot v1, https://goo.gl/fbAQLP

exports[`CategoriesListTemplate renders correctly 1`] = `<div />`;
