// Jest Snapshot v1, https://goo.gl/fbAQLP

exports[`NotFoundTemplate renders correctly 1`] = `<div />`;
