// Jest Snapshot v1, https://goo.gl/fbAQLP

exports[`PostTemplate renders correctly 1`] = `<div />`;
