// Jest Snapshot v1, https://goo.gl/fbAQLP

exports[`Pagination renders correctly 1`] = `
<div
  className="sc-AxjAm gYaWGF"
>
  <div
    className="sc-AxirZ jJzPOj"
  >
    <a
      className="sc-AxiKw buROYx"
      href="/page/1"
      rel="prev"
    >
      ← PREV
    </a>
  </div>
  <div
    className="sc-AxirZ ucxGs"
  >
    <a
      className="sc-AxiKw buROYx"
      href="/page/3"
      rel="next"
    >
      → NEXT
    </a>
  </div>
</div>
`;
