// Jest Snapshot v1, https://goo.gl/fbAQLP

exports[`Meta renders correctly 1`] = `
<div>
  <p
    className="sc-AxjAm cVaWGm"
  >
    Published 
    1 Sep 2016
  </p>
</div>
`;
